.FF.....                                                                 [100%]
=================================== FAILURES ===================================
_______________ test_previously_invalidated_top_does_not_trigger _______________

monkeypatch = <_pytest.monkeypatch.MonkeyPatch object at 0x10439bdd0>

    def test_previously_invalidated_top_does_not_trigger(monkeypatch: pytest.MonkeyPatch) -> None:
        frame = _frame({4})
        trade = _trade(monkeypatch, [_top(frame, 2, 3)], {4})
>       assert trade.exit_reason == "open_at_end"
E       AssertionError: assert 'exit_a6_2_top_plus_keywave' == 'open_at_end'
E         
E         - open_at_end
E         + exit_a6_2_top_plus_keywave

docs/experiments/raw/research-fourteenth-2026-09-08/consumer-audit/test_consumer_audit.py:86: AssertionError
_____________ test_top_invalidated_on_keywave_day_does_not_trigger _____________

monkeypatch = <_pytest.monkeypatch.MonkeyPatch object at 0x1100c1e10>

    def test_top_invalidated_on_keywave_day_does_not_trigger(monkeypatch: pytest.MonkeyPatch) -> None:
        frame = _frame({4})
        trade = _trade(monkeypatch, [_top(frame, 2, 4)], {4})
>       assert trade.exit_reason == "open_at_end"
E       AssertionError: assert 'exit_a6_2_top_plus_keywave' == 'open_at_end'
E         
E         - open_at_end
E         + exit_a6_2_top_plus_keywave

docs/experiments/raw/research-fourteenth-2026-09-08/consumer-audit/test_consumer_audit.py:92: AssertionError
=========================== short test summary info ============================
FAILED docs/experiments/raw/research-fourteenth-2026-09-08/consumer-audit/test_consumer_audit.py::test_previously_invalidated_top_does_not_trigger
FAILED docs/experiments/raw/research-fourteenth-2026-09-08/consumer-audit/test_consumer_audit.py::test_top_invalidated_on_keywave_day_does_not_trigger
2 failed, 6 passed in 0.79s
