{
  "passed": true,
  "pre_run_hashes": [
    {
      "path": "docs/experiments/raw/research-breadth-price50-decision-2026-09-09/protocol.md",
      "match": true
    },
    {
      "path": "docs/research/definitions.v1.json",
      "match": true
    },
    {
      "path": "docs/experiments/raw/research-breadth-price50-decision-2026-09-09/controller/price50-resolved-definition-cards.json",
      "match": true
    },
    {
      "path": "docs/experiments/raw/research-breadth-price50-decision-2026-09-09/controller/qualification-decision.json",
      "match": true
    },
    {
      "path": "docs/experiments/raw/research-breadth-price50-decision-2026-09-09/execution/run_price50.py",
      "match": true
    },
    {
      "path": "docs/experiments/raw/research-breadth-price50-decision-2026-09-09/execution/research_engine.py",
      "match": true
    },
    {
      "path": "docs/experiments/raw/research-breadth-price50-decision-2026-09-09/execution/test_price50.py",
      "match": true
    },
    {
      "path": "docs/experiments/raw/research-broad-etf-cash-2026-09-08/first12/inputs/bars/sh510300-nominal.csv",
      "match": true
    },
    {
      "path": "docs/experiments/raw/research-broad-etf-cash-2026-09-08/first12/inputs/bars/sz159915-nominal.csv",
      "match": true
    },
    {
      "path": "docs/experiments/raw/research-broad-etf-cash-2026-09-08/first12/inputs/actions.json",
      "match": true
    },
    {
      "path": "docs/experiments/raw/research-broad-etf-cash-2026-09-08/first12/inputs/dated-restrictions.json",
      "match": true
    },
    {
      "path": "docs/experiments/raw/research-broad-etf-cash-2026-09-08/first12/inputs/price-limit-regimes.json",
      "match": true
    }
  ],
  "accounts": [
    {
      "account_id": "510300-price50-P50-10bp",
      "calendar_rows": 2918,
      "signals": 136,
      "trades": 135,
      "signal_exact": true,
      "trade_after_matching_latest_signal": true,
      "trade_at_nominal_open": true,
      "max_cash_units_equity_or_fee_diff": 0.0,
      "summary_final_diff": 0.0,
      "summary_cagr_drawdown_recovery_exact": true,
      "annual_exact": true,
      "periods_exact": true,
      "passed": true
    },
    {
      "account_id": "159915-price50-P50-10bp",
      "calendar_rows": 2918,
      "signals": 118,
      "trades": 117,
      "signal_exact": true,
      "trade_after_matching_latest_signal": true,
      "trade_at_nominal_open": true,
      "max_cash_units_equity_or_fee_diff": 0.0,
      "summary_final_diff": 0.0,
      "summary_cagr_drawdown_recovery_exact": true,
      "annual_exact": true,
      "periods_exact": true,
      "passed": true
    },
    {
      "account_id": "510300-price50-P50-20bp",
      "calendar_rows": 2918,
      "signals": 136,
      "trades": 135,
      "signal_exact": true,
      "trade_after_matching_latest_signal": true,
      "trade_at_nominal_open": true,
      "max_cash_units_equity_or_fee_diff": 0.0,
      "summary_final_diff": 0.0,
      "summary_cagr_drawdown_recovery_exact": true,
      "annual_exact": true,
      "periods_exact": true,
      "passed": true
    },
    {
      "account_id": "159915-price50-P50-20bp",
      "calendar_rows": 2918,
      "signals": 118,
      "trades": 117,
      "signal_exact": true,
      "trade_after_matching_latest_signal": true,
      "trade_at_nominal_open": true,
      "max_cash_units_equity_or_fee_diff": 0.0,
      "summary_final_diff": 0.0,
      "summary_cagr_drawdown_recovery_exact": true,
      "annual_exact": true,
      "periods_exact": true,
      "passed": true
    }
  ]
}
