待回填标的 82 个（含不可信来源重取）

[FAIL] 600519.SS (eastmoney): 东方财富连接中断：Remote end closed connection without response
[FAIL] 000858.SZ (eastmoney): 东方财富连接中断：Remote end closed connection without response
[FAIL] 000568.SZ (eastmoney): 东方财富连接中断：Remote end closed connection without response
[FAIL] 600809.SS (eastmoney): 东方财富连接中断：Remote end closed connection without response
[FAIL] 002304.SZ (eastmoney): 东方财富连接中断：Remote end closed connection without response
[FAIL] 000596.SZ (eastmoney): 东方财富连接中断：Remote end closed connection without response
[FAIL] 600600.SS (eastmoney): 东方财富连接中断：Remote end closed connection without response
[FAIL] 603288.SS (eastmoney): 东方财富连接中断：Remote end closed connection without response
[FAIL] 002049.SZ (eastmoney): 东方财富连接中断：Remote end closed connection without response
[FAIL] 002371.SZ (eastmoney): 东方财富连接中断：Remote end closed connection without response
[FAIL] 600584.SS (eastmoney): 东方财富连接中断：Remote end closed connection without response
[FAIL] 002185.SZ (eastmoney): 东方财富连接中断：Remote end closed connection without response
[FAIL] 600703.SS (eastmoney): 东方财富连接中断：Remote end closed connection without response
[FAIL] 600460.SS (eastmoney): 东方财富连接中断：Remote end closed connection without response
[FAIL] 300223.SZ (eastmoney): 东方财富连接中断：Remote end closed connection without response
[FAIL] 603986.SS (eastmoney): 东方财富连接中断：Remote end closed connection without response
[FAIL] 300661.SZ (eastmoney): 东方财富连接中断：Remote end closed connection without response
[FAIL] 603160.SS (eastmoney): 东方财富连接中断：Remote end closed connection without response
[FAIL] 600745.SS (eastmoney): 东方财富连接中断：Remote end closed connection without response
[FAIL] 000725.SZ (eastmoney): 东方财富连接中断：Remote end closed connection without response
[FAIL] 002230.SZ (eastmoney): 东方财富连接中断：Remote end closed connection without response
[FAIL] 002415.SZ (eastmoney): 东方财富连接中断：Remote end closed connection without response
[FAIL] 300474.SZ (eastmoney): 东方财富连接中断：Remote end closed connection without response
[FAIL] 300308.SZ (eastmoney): 东方财富连接中断：Remote end closed connection without response
[FAIL] 300394.SZ (eastmoney): 东方财富连接中断：Remote end closed connection without response
[FAIL] 002281.SZ (eastmoney): 东方财富连接中断：Remote end closed connection without response
[FAIL] 300502.SZ (eastmoney): 东方财富连接中断：Remote end closed connection without response
[FAIL] 300383.SZ (eastmoney): 东方财富连接中断：Remote end closed connection without response
[FAIL] 600588.SS (eastmoney): 东方财富连接中断：Remote end closed connection without response
[FAIL] 000938.SZ (eastmoney): 东方财富连接中断：Remote end closed connection without response
[FAIL] 600850.SS (eastmoney): 东方财富连接中断：Remote end closed connection without response
[FAIL] 002410.SZ (eastmoney): 东方财富连接中断：Remote end closed connection without response
[FAIL] 300750.SZ (eastmoney): 东方财富连接中断：Remote end closed connection without response
[FAIL] 002594.SZ (eastmoney): 东方财富连接中断：Remote end closed connection without response
[FAIL] 000625.SZ (eastmoney): 东方财富连接中断：Remote end closed connection without response
[FAIL] 601238.SS (eastmoney): 东方财富连接中断：Remote end closed connection without response
[FAIL] 002475.SZ (eastmoney): 东方财富连接中断：Remote end closed connection without response
[FAIL] 002241.SZ (eastmoney): 东方财富连接中断：Remote end closed connection without response
[FAIL] 300124.SZ (eastmoney): 东方财富连接中断：Remote end closed connection without response
[FAIL] 601689.SS (eastmoney): 东方财富连接中断：Remote end closed connection without response
[FAIL] 002747.SZ (eastmoney): 东方财富连接中断：Remote end closed connection without response
[FAIL] 601127.SS (eastmoney): 东方财富连接中断：Remote end closed connection without response
[FAIL] 002050.SZ (eastmoney): 东方财富连接中断：Remote end closed connection without response
[FAIL] 600660.SS (eastmoney): 东方财富连接中断：Remote end closed connection without response
[FAIL] 300014.SZ (eastmoney): 东方财富连接中断：Remote end closed connection without response
[FAIL] 002460.SZ (eastmoney): 东方财富连接中断：Remote end closed connection without response
[FAIL] 002466.SZ (eastmoney): 东方财富连接中断：Remote end closed connection without response
[FAIL] 603799.SS (eastmoney): 东方财富连接中断：Remote end closed connection without response
[FAIL] 300073.SZ (eastmoney): 东方财富连接中断：Remote end closed connection without response
[FAIL] 002812.SZ (eastmoney): 东方财富连接中断：Remote end closed connection without response
[FAIL] 601012.SS (eastmoney): 东方财富连接中断：Remote end closed connection without response
[FAIL] 600438.SS (eastmoney): 东方财富连接中断：Remote end closed connection without response
[FAIL] 300274.SZ (eastmoney): 300274.SZ 行情存在非正价格，无法用于均线计算
[OK]   002326.SZ: 0 -> 2417 根 (2016-09-01 ~ 2026-08-25) [? -> eastmoney]
[FAIL] 600111.SS (eastmoney): 东方财富连接中断：Remote end closed connection without response
[FAIL] 601899.SS (eastmoney): 东方财富连接中断：Remote end closed connection without response
[FAIL] 600362.SS (eastmoney): 东方财富连接中断：Remote end closed connection without response
[FAIL] 603993.SS (eastmoney): 东方财富连接中断：Remote end closed connection without response
[FAIL] 601600.SS (eastmoney): 东方财富连接中断：Remote end closed connection without response
[FAIL] 000831.SZ (eastmoney): 东方财富连接中断：Remote end closed connection without response
[FAIL] 601225.SS (eastmoney): 东方财富连接中断：Remote end closed connection without response
[FAIL] 600188.SS (eastmoney): 东方财富连接中断：Remote end closed connection without response
[FAIL] 603259.SS (eastmoney): 东方财富连接中断：Remote end closed connection without response
[FAIL] 300347.SZ (eastmoney): 东方财富连接中断：Remote end closed connection without response
[FAIL] 002821.SZ (eastmoney): 东方财富连接中断：Remote end closed connection without response
[FAIL] 000661.SZ (eastmoney): 东方财富连接中断：Remote end closed connection without response
[FAIL] 300122.SZ (eastmoney): 东方财富连接中断：Remote end closed connection without response
[FAIL] 600196.SS (eastmoney): 东方财富连接中断：Remote end closed connection without response
[FAIL] 300003.SZ (eastmoney): 东方财富连接中断：Remote end closed connection without response
[FAIL] 600276.SS (eastmoney): 东方财富连接中断：Remote end closed connection without response
[FAIL] 600030.SS (eastmoney): 东方财富连接中断：Remote end closed connection without response
[FAIL] 300059.SZ (eastmoney): 东方财富连接中断：Remote end closed connection without response
[FAIL] 601688.SS (eastmoney): 东方财富连接中断：Remote end closed connection without response
[FAIL] 601318.SS (eastmoney): 东方财富连接中断：Remote end closed connection without response
[FAIL] 600760.SS (eastmoney): 东方财富连接中断：Remote end closed connection without response
[FAIL] 000768.SZ (eastmoney): 东方财富连接中断：Remote end closed connection without response
[FAIL] 600893.SS (eastmoney): 东方财富连接中断：Remote end closed connection without response
[FAIL] 002179.SZ (eastmoney): 东方财富连接中断：Remote end closed connection without response
[FAIL] 002008.SZ (eastmoney): 东方财富连接中断：Remote end closed connection without response
[FAIL] 002384.SZ (eastmoney): 东方财富连接中断：Remote end closed connection without response
[FAIL] 300136.SZ (eastmoney): 东方财富连接中断：Remote end closed connection without response
[FAIL] 002555.SZ (eastmoney): 东方财富连接中断：Remote end closed connection without response

更新 1 / 保留 0 / 失败 81
失败明细：
  600519.SS (eastmoney): DataUnavailableError: 东方财富连接中断：Remote end closed connection without response
  000858.SZ (eastmoney): DataUnavailableError: 东方财富连接中断：Remote end closed connection without response
  000568.SZ (eastmoney): DataUnavailableError: 东方财富连接中断：Remote end closed connection without response
  600809.SS (eastmoney): DataUnavailableError: 东方财富连接中断：Remote end closed connection without response
  002304.SZ (eastmoney): DataUnavailableError: 东方财富连接中断：Remote end closed connection without response
  000596.SZ (eastmoney): DataUnavailableError: 东方财富连接中断：Remote end closed connection without response
  600600.SS (eastmoney): DataUnavailableError: 东方财富连接中断：Remote end closed connection without response
  603288.SS (eastmoney): DataUnavailableError: 东方财富连接中断：Remote end closed connection without response
  002049.SZ (eastmoney): DataUnavailableError: 东方财富连接中断：Remote end closed connection without response
  002371.SZ (eastmoney): DataUnavailableError: 东方财富连接中断：Remote end closed connection without response
  600584.SS (eastmoney): DataUnavailableError: 东方财富连接中断：Remote end closed connection without response
  002185.SZ (eastmoney): DataUnavailableError: 东方财富连接中断：Remote end closed connection without response
  600703.SS (eastmoney): DataUnavailableError: 东方财富连接中断：Remote end closed connection without response
  600460.SS (eastmoney): DataUnavailableError: 东方财富连接中断：Remote end closed connection without response
  300223.SZ (eastmoney): DataUnavailableError: 东方财富连接中断：Remote end closed connection without response
  603986.SS (eastmoney): DataUnavailableError: 东方财富连接中断：Remote end closed connection without response
  300661.SZ (eastmoney): DataUnavailableError: 东方财富连接中断：Remote end closed connection without response
  603160.SS (eastmoney): DataUnavailableError: 东方财富连接中断：Remote end closed connection without response
  600745.SS (eastmoney): DataUnavailableError: 东方财富连接中断：Remote end closed connection without response
  000725.SZ (eastmoney): DataUnavailableError: 东方财富连接中断：Remote end closed connection without response
  002230.SZ (eastmoney): DataUnavailableError: 东方财富连接中断：Remote end closed connection without response
  002415.SZ (eastmoney): DataUnavailableError: 东方财富连接中断：Remote end closed connection without response
  300474.SZ (eastmoney): DataUnavailableError: 东方财富连接中断：Remote end closed connection without response
  300308.SZ (eastmoney): DataUnavailableError: 东方财富连接中断：Remote end closed connection without response
  300394.SZ (eastmoney): DataUnavailableError: 东方财富连接中断：Remote end closed connection without response
  002281.SZ (eastmoney): DataUnavailableError: 东方财富连接中断：Remote end closed connection without response
  300502.SZ (eastmoney): DataUnavailableError: 东方财富连接中断：Remote end closed connection without response
  300383.SZ (eastmoney): DataUnavailableError: 东方财富连接中断：Remote end closed connection without response
  600588.SS (eastmoney): DataUnavailableError: 东方财富连接中断：Remote end closed connection without response
  000938.SZ (eastmoney): DataUnavailableError: 东方财富连接中断：Remote end closed connection without response
  600850.SS (eastmoney): DataUnavailableError: 东方财富连接中断：Remote end closed connection without response
  002410.SZ (eastmoney): DataUnavailableError: 东方财富连接中断：Remote end closed connection without response
  300750.SZ (eastmoney): DataUnavailableError: 东方财富连接中断：Remote end closed connection without response
  002594.SZ (eastmoney): DataUnavailableError: 东方财富连接中断：Remote end closed connection without response
  000625.SZ (eastmoney): DataUnavailableError: 东方财富连接中断：Remote end closed connection without response
  601238.SS (eastmoney): DataUnavailableError: 东方财富连接中断：Remote end closed connection without response
  002475.SZ (eastmoney): DataUnavailableError: 东方财富连接中断：Remote end closed connection without response
  002241.SZ (eastmoney): DataUnavailableError: 东方财富连接中断：Remote end closed connection without response
  300124.SZ (eastmoney): DataUnavailableError: 东方财富连接中断：Remote end closed connection without response
  601689.SS (eastmoney): DataUnavailableError: 东方财富连接中断：Remote end closed connection without response
  002747.SZ (eastmoney): DataUnavailableError: 东方财富连接中断：Remote end closed connection without response
  601127.SS (eastmoney): DataUnavailableError: 东方财富连接中断：Remote end closed connection without response
  002050.SZ (eastmoney): DataUnavailableError: 东方财富连接中断：Remote end closed connection without response
  600660.SS (eastmoney): DataUnavailableError: 东方财富连接中断：Remote end closed connection without response
  300014.SZ (eastmoney): DataUnavailableError: 东方财富连接中断：Remote end closed connection without response
  002460.SZ (eastmoney): DataUnavailableError: 东方财富连接中断：Remote end closed connection without response
  002466.SZ (eastmoney): DataUnavailableError: 东方财富连接中断：Remote end closed connection without response
  603799.SS (eastmoney): DataUnavailableError: 东方财富连接中断：Remote end closed connection without response
  300073.SZ (eastmoney): DataUnavailableError: 东方财富连接中断：Remote end closed connection without response
  002812.SZ (eastmoney): DataUnavailableError: 东方财富连接中断：Remote end closed connection without response
  601012.SS (eastmoney): DataUnavailableError: 东方财富连接中断：Remote end closed connection without response
  600438.SS (eastmoney): DataUnavailableError: 东方财富连接中断：Remote end closed connection without response
  300274.SZ (eastmoney): DataUnavailableError: 300274.SZ 行情存在非正价格，无法用于均线计算
  600111.SS (eastmoney): DataUnavailableError: 东方财富连接中断：Remote end closed connection without response
  601899.SS (eastmoney): DataUnavailableError: 东方财富连接中断：Remote end closed connection without response
  600362.SS (eastmoney): DataUnavailableError: 东方财富连接中断：Remote end closed connection without response
  603993.SS (eastmoney): DataUnavailableError: 东方财富连接中断：Remote end closed connection without response
  601600.SS (eastmoney): DataUnavailableError: 东方财富连接中断：Remote end closed connection without response
  000831.SZ (eastmoney): DataUnavailableError: 东方财富连接中断：Remote end closed connection without response
  601225.SS (eastmoney): DataUnavailableError: 东方财富连接中断：Remote end closed connection without response
  600188.SS (eastmoney): DataUnavailableError: 东方财富连接中断：Remote end closed connection without response
  603259.SS (eastmoney): DataUnavailableError: 东方财富连接中断：Remote end closed connection without response
  300347.SZ (eastmoney): DataUnavailableError: 东方财富连接中断：Remote end closed connection without response
  002821.SZ (eastmoney): DataUnavailableError: 东方财富连接中断：Remote end closed connection without response
  000661.SZ (eastmoney): DataUnavailableError: 东方财富连接中断：Remote end closed connection without response
  300122.SZ (eastmoney): DataUnavailableError: 东方财富连接中断：Remote end closed connection without response
  600196.SS (eastmoney): DataUnavailableError: 东方财富连接中断：Remote end closed connection without response
  300003.SZ (eastmoney): DataUnavailableError: 东方财富连接中断：Remote end closed connection without response
  600276.SS (eastmoney): DataUnavailableError: 东方财富连接中断：Remote end closed connection without response
  600030.SS (eastmoney): DataUnavailableError: 东方财富连接中断：Remote end closed connection without response
  300059.SZ (eastmoney): DataUnavailableError: 东方财富连接中断：Remote end closed connection without response
  601688.SS (eastmoney): DataUnavailableError: 东方财富连接中断：Remote end closed connection without response
  601318.SS (eastmoney): DataUnavailableError: 东方财富连接中断：Remote end closed connection without response
  600760.SS (eastmoney): DataUnavailableError: 东方财富连接中断：Remote end closed connection without response
  000768.SZ (eastmoney): DataUnavailableError: 东方财富连接中断：Remote end closed connection without response
  600893.SS (eastmoney): DataUnavailableError: 东方财富连接中断：Remote end closed connection without response
  002179.SZ (eastmoney): DataUnavailableError: 东方财富连接中断：Remote end closed connection without response
  002008.SZ (eastmoney): DataUnavailableError: 东方财富连接中断：Remote end closed connection without response
  002384.SZ (eastmoney): DataUnavailableError: 东方财富连接中断：Remote end closed connection without response
  300136.SZ (eastmoney): DataUnavailableError: 东方财富连接中断：Remote end closed connection without response
  002555.SZ (eastmoney): DataUnavailableError: 东方财富连接中断：Remote end closed connection without response
