[OK]   000568.SZ: 0 -> 2427 根 (2016-08-25 ~ 2026-08-25) adj=True
[OK]   000596.SZ: 0 -> 2427 根 (2016-08-25 ~ 2026-08-25) adj=True
[OK]   000625.SZ: 0 -> 2427 根 (2016-08-25 ~ 2026-08-25) adj=True
[OK]   000661.SZ: 0 -> 2418 根 (2016-08-25 ~ 2026-08-25) adj=True
[OK]   000725.SZ: 0 -> 2427 根 (2016-08-25 ~ 2026-08-25) adj=True
[OK]   000768.SZ: 0 -> 2427 根 (2016-08-25 ~ 2026-08-25) adj=True
[OK]   000831.SZ: 0 -> 2426 根 (2016-08-25 ~ 2026-08-25) adj=True
[OK]   000858.SZ: 0 -> 2427 根 (2016-08-25 ~ 2026-08-25) adj=True
[OK]   000938.SZ: 0 -> 2392 根 (2016-08-25 ~ 2026-08-25) adj=True
[OK]   002008.SZ: 0 -> 2427 根 (2016-08-25 ~ 2026-08-25) adj=True
[OK]   002049.SZ: 0 -> 2301 根 (2016-08-25 ~ 2026-08-25) adj=True
[OK]   002050.SZ: 0 -> 2389 根 (2016-08-25 ~ 2026-08-25) adj=True
[OK]   002179.SZ: 0 -> 2427 根 (2016-08-25 ~ 2026-08-25) adj=True
[OK]   002185.SZ: 0 -> 2411 根 (2016-08-25 ~ 2026-08-25) adj=True
[OK]   002230.SZ: 0 -> 2427 根 (2016-08-25 ~ 2026-08-25) adj=True
[OK]   002241.SZ: 0 -> 2427 根 (2016-08-25 ~ 2026-08-25) adj=True
[OK]   002281.SZ: 0 -> 2427 根 (2016-08-25 ~ 2026-08-25) adj=True
[OK]   002304.SZ: 0 -> 2427 根 (2016-08-25 ~ 2026-08-25) adj=True
[OK]   002371.SZ: 0 -> 2427 根 (2016-08-25 ~ 2026-08-25) adj=True
[OK]   002384.SZ: 0 -> 2357 根 (2016-08-25 ~ 2026-08-25) adj=True
[OK]   002410.SZ: 0 -> 2427 根 (2016-08-25 ~ 2026-08-25) adj=True
[OK]   002415.SZ: 0 -> 2425 根 (2016-08-25 ~ 2026-08-25) adj=True
[OK]   002460.SZ: 0 -> 2426 根 (2016-08-25 ~ 2026-08-25) adj=True
[OK]   002466.SZ: 0 -> 2401 根 (2016-08-25 ~ 2026-08-25) adj=True
[OK]   002475.SZ: 0 -> 2426 根 (2016-08-25 ~ 2026-08-25) adj=True
[KEEP] 002555.SZ: 现 2408 根 >= 新 2408 根
[OK]   002594.SZ: 0 -> 2427 根 (2016-08-25 ~ 2026-08-25) adj=True
[OK]   002747.SZ: 0 -> 2379 根 (2016-08-25 ~ 2026-08-25) adj=True
[OK]   002812.SZ: 0 -> 2317 根 (2016-09-14 ~ 2026-08-25) adj=True
[OK]   002821.SZ: 0 -> 2373 根 (2016-11-18 ~ 2026-08-25) adj=True
[OK]   300003.SZ: 0 -> 2420 根 (2016-08-25 ~ 2026-08-25) adj=True
[OK]   300014.SZ: 0 -> 2427 根 (2016-08-25 ~ 2026-08-25) adj=True
[OK]   300059.SZ: 0 -> 2427 根 (2016-08-25 ~ 2026-08-25) adj=True
[OK]   300073.SZ: 0 -> 2405 根 (2016-08-25 ~ 2026-08-25) adj=True
[OK]   300122.SZ: 0 -> 2427 根 (2016-08-25 ~ 2026-08-25) adj=True
[OK]   300124.SZ: 0 -> 2416 根 (2016-08-25 ~ 2026-08-25) adj=True
[OK]   300136.SZ: 0 -> 2427 根 (2016-08-25 ~ 2026-08-25) adj=True
[OK]   300223.SZ: 0 -> 2262 根 (2016-12-16 ~ 2026-08-25) adj=True
[FAIL] 300274.SZ: DataUnavailableError: 300274.SZ 行情存在非正价格，无法用于均线计算
[FAIL] 300274.SZ: DataUnavailableError: 300274.SZ 行情存在非正价格，无法用于均线计算
[OK]   300308.SZ: 0 -> 2398 根 (2016-09-30 ~ 2026-08-25) adj=True
[OK]   300347.SZ: 0 -> 2422 根 (2016-08-25 ~ 2026-08-25) adj=True
[OK]   300383.SZ: 0 -> 2324 根 (2016-08-25 ~ 2026-08-25) adj=True
[OK]   300394.SZ: 0 -> 2415 根 (2016-08-25 ~ 2026-08-25) adj=True
[OK]   300474.SZ: 0 -> 2420 根 (2016-08-25 ~ 2026-08-25) adj=True
[OK]   300502.SZ: 0 -> 2427 根 (2016-08-25 ~ 2026-08-25) adj=True
[OK]   300661.SZ: 0 -> 2232 根 (2017-06-06 ~ 2026-08-25) adj=True
[FAIL] 300750.SZ: DataUnavailableError: 300750.SZ 行情存在非正价格，无法用于均线计算
[OK]   600030.SS: 0 -> 2410 根 (2016-08-25 ~ 2026-08-25) adj=True
[OK]   600111.SS: 0 -> 2427 根 (2016-08-25 ~ 2026-08-25) adj=True
[FAIL] 600188.SS: DataUnavailableError: 600188.SS 行情存在非正价格，无法用于均线计算
[OK]   600196.SS: 0 -> 2427 根 (2016-08-25 ~ 2026-08-25) adj=True
[OK]   600276.SS: 0 -> 2427 根 (2016-08-25 ~ 2026-08-25) adj=True
[OK]   600362.SS: 0 -> 2427 根 (2016-08-25 ~ 2026-08-25) adj=True
[FAIL] 600438.SS: DataUnavailableError: 600438.SS 行情存在非正价格，无法用于均线计算
[OK]   600460.SS: 0 -> 2342 根 (2016-08-25 ~ 2026-08-25) adj=True
[FAIL] 600519.SS: DataUnavailableError: 600519.SS 行情存在非正价格，无法用于均线计算
[OK]   600584.SS: 0 -> 2409 根 (2016-08-25 ~ 2026-08-25) adj=True
[OK]   600588.SS: 0 -> 2425 根 (2016-08-25 ~ 2026-08-25) adj=True
[OK]   600600.SS: 0 -> 2427 根 (2016-08-25 ~ 2026-08-25) adj=True
[OK]   600660.SS: 0 -> 2427 根 (2016-08-25 ~ 2026-08-25) adj=True
[OK]   600703.SS: 0 -> 2426 根 (2016-08-25 ~ 2026-08-25) adj=True
[OK]   600745.SS: 0 -> 2230 根 (2016-08-25 ~ 2026-08-25) adj=True
[OK]   600760.SS: 0 -> 2346 根 (2016-08-25 ~ 2026-08-25) adj=True
[FAIL] 600809.SS: DataUnavailableError: 600809.SS 行情存在非正价格，无法用于均线计算
[OK]   600850.SS: 0 -> 2342 根 (2016-08-25 ~ 2026-08-25) adj=True
[OK]   600893.SS: 0 -> 2396 根 (2016-08-25 ~ 2026-08-25) adj=True
[OK]   601012.SS: 0 -> 2420 根 (2016-08-25 ~ 2026-08-25) adj=True
[OK]   601127.SS: 0 -> 2402 根 (2016-08-25 ~ 2026-08-25) adj=True
[FAIL] 601225.SS: DataUnavailableError: 601225.SS 行情存在非正价格，无法用于均线计算
[OK]   601238.SS: 0 -> 2417 根 (2016-08-25 ~ 2026-08-25) adj=True
[OK]   601318.SS: 0 -> 2427 根 (2016-08-25 ~ 2026-08-25) adj=True
[OK]   601600.SS: 0 -> 2318 根 (2016-08-25 ~ 2026-08-25) adj=True
[OK]   601688.SS: 0 -> 2427 根 (2016-08-25 ~ 2026-08-25) adj=True
[OK]   601689.SS: 0 -> 2427 根 (2016-08-25 ~ 2026-08-25) adj=True
[OK]   601899.SS: 0 -> 2423 根 (2016-08-25 ~ 2026-08-25) adj=True
[OK]   603160.SS: 0 -> 2387 根 (2016-10-17 ~ 2026-08-25) adj=True
[OK]   603259.SS: 0 -> 2017 根 (2018-05-08 ~ 2026-08-25) adj=True
[OK]   603288.SS: 0 -> 2427 根 (2016-08-25 ~ 2026-08-25) adj=True
[OK]   603799.SS: 0 -> 2415 根 (2016-08-25 ~ 2026-08-25) adj=True
[OK]   603986.SS: 0 -> 2221 根 (2016-08-25 ~ 2026-08-25) adj=True
[OK]   603993.SS: 0 -> 2427 根 (2016-08-25 ~ 2026-08-25) adj=True
