[done] C_v1_cb_base__A股ETF   N= 889  expR=-0.483  PF=0.4361293784728707  IS=-0.582(674)  OOS=-0.172(215)  top1=159652.SZ  12s
[done] C_v1_cb_shrink__A股ETF   N= 337  expR=-0.389  PF=0.5490679417086819  IS=-0.644(265)  OOS=+0.548(72)  top1=512400.SS  3s
[done] C_v1_cb_vacuum__A股ETF   N= 111  expR=-0.031  PF=0.9545608892087707  IS=-0.245(68)  OOS=+0.307(43)  top1=513870.SS  3s
[done] C_v1_cb_shvac__A股ETF   N=  39  expR=-0.166  PF=0.7498021128968151  IS=-0.450(26)  OOS=+0.403(13)  top1=512890.SS  3s
[done] C_v1_ss_base__A股ETF   N= 750  expR=-2.247  PF=0.0033850392483385384  IS=-2.235(613)  OOS=-2.297(137)  top1=513870.SS  3s
[done] C_v1_ss_shrink__A股ETF   N= 291  expR=-2.376  PF=0.0005633125180644156  IS=-2.376(240)  OOS=-2.374(51)  top1=518850.SS  3s
[done] C_v1_ss_vacuum__A股ETF   N=  98  expR=-1.825  PF=0.0010591956275949692  IS=-1.970(63)  OOS=-1.565(35)  top1=562590.SS  2s
[done] C_v1_ss_shvac__A股ETF   N=  38  expR=-1.621  PF=0.003069700974391785  IS=-1.833(25)  OOS=-1.212(13)  top1=513870.SS  2s
[done] C_v2_cb_base__A股ETF   N= 552  expR=+0.025  PF=1.0508791764684828  IS=-0.291(404)  OOS=+0.889(148)  top1=512400.SS  2s
[done] C_v2_cb_shrink__A股ETF   N= 231  expR=+0.289  PF=1.6220587268600652  IS=-0.227(163)  OOS=+1.525(68)  top1=512400.SS  2s
[done] C_v2_cb_vacuum__A股ETF   N= 128  expR=-0.102  PF=0.8039224875917687  IS=-0.348(76)  OOS=+0.258(52)  top1=512400.SS  2s
[done] C_v2_cb_shvac__A股ETF   N=  71  expR=-0.230  PF=0.5631914065074299  IS=-0.342(43)  OOS=-0.057(28)  top1=512890.SS  2s
[done] C_v2_ss_base__A股ETF   N= 413  expR=-1.550  PF=0.0  IS=-1.564(343)  OOS=-1.484(70)  top1=513870.SS  2s
[done] C_v2_ss_shrink__A股ETF   N= 156  expR=-1.513  PF=0.0  IS=-1.533(124)  OOS=-1.436(32)  top1=513870.SS  2s
[done] C_v2_ss_vacuum__A股ETF   N= 102  expR=-1.508  PF=0.0  IS=-1.617(67)  OOS=-1.300(35)  top1=518850.SS  2s
[done] C_v2_ss_shvac__A股ETF   N=  55  expR=-1.507  PF=0.0  IS=-1.650(35)  OOS=-1.258(20)  top1=512480.SS  2s
[done] C_v3_cb_base__A股ETF   N= 470  expR=+0.067  PF=1.1379131728494456  IS=-0.206(334)  OOS=+0.737(136)  top1=159652.SZ  2s
[done] C_v3_cb_shrink__A股ETF   N= 201  expR=+0.198  PF=1.4232568171145012  IS=-0.244(138)  OOS=+1.168(63)  top1=159652.SZ  2s
[done] C_v3_cb_vacuum__A股ETF   N= 144  expR=-0.065  PF=0.8708666690502463  IS=-0.188(90)  OOS=+0.139(54)  top1=513870.SS  2s
[done] C_v3_cb_shvac__A股ETF   N=  67  expR=-0.302  PF=0.42337236865634637  IS=-0.652(39)  OOS=+0.186(28)  top1=518850.SS  2s
[done] C_v3_ss_base__A股ETF   N= 333  expR=-1.477  PF=0.0  IS=-1.490(273)  OOS=-1.415(60)  top1=562590.SS  2s
[done] C_v3_ss_shrink__A股ETF   N= 134  expR=-1.389  PF=0.0  IS=-1.416(112)  OOS=-1.254(22)  top1=562590.SS  2s
[done] C_v3_ss_vacuum__A股ETF   N= 113  expR=-1.396  PF=0.0  IS=-1.428(79)  OOS=-1.320(34)  top1=518850.SS  2s
[done] C_v3_ss_shvac__A股ETF   N=  49  expR=-1.306  PF=0.0  IS=-1.367(34)  OOS=-1.166(15)  top1=512400.SS  2s
[done] C_v1_cb_base__行业ETF   N=1727  expR=-0.564  PF=0.3804814759961142  IS=-0.651(1319)  OOS=-0.284(408)  top1=515030.SS  15s
[done] C_v1_cb_shrink__行业ETF   N= 740  expR=-0.602  PF=0.3747327275470572  IS=-0.676(557)  OOS=-0.378(183)  top1=512400.SS  5s
[done] C_v1_cb_vacuum__行业ETF   N= 161  expR=-0.416  PF=0.5144511781252251  IS=-0.535(119)  OOS=-0.080(42)  top1=515220.SS  5s
[done] C_v1_cb_shvac__行业ETF   N=  66  expR=-0.605  PF=0.36304097273044594  IS=-0.709(53)  OOS=-0.179(13)  top1=512890.SS  5s
[done] C_v1_ss_base__行业ETF   N=1516  expR=-2.351  PF=0.00010933277566119272  IS=-2.343(1215)  OOS=-2.383(301)  top1=518850.SS  5s
[done] C_v1_ss_shrink__行业ETF   N= 660  expR=-2.433  PF=0.0002425515950622284  IS=-2.418(512)  OOS=-2.488(148)  top1=518850.SS  5s
[done] C_v1_ss_vacuum__行业ETF   N= 144  expR=-2.215  PF=0.0005943374092580539  IS=-2.301(110)  OOS=-1.936(34)  top1=159825.SZ  5s
[done] C_v1_ss_shvac__行业ETF   N=  64  expR=-2.092  PF=0.0014147756497145166  IS=-2.162(51)  OOS=-1.814(13)  top1=159819.SZ  5s
[done] C_v2_cb_base__行业ETF   N=1097  expR=-0.069  PF=0.8656666223346061  IS=-0.255(832)  OOS=+0.513(265)  top1=512400.SS  4s
[done] C_v2_cb_shrink__行业ETF   N= 393  expR=+0.004  PF=1.0075388193018993  IS=-0.104(296)  OOS=+0.334(97)  top1=512400.SS  4s
[done] C_v2_cb_vacuum__行业ETF   N= 187  expR=-0.332  PF=0.4740734120234244  IS=-0.412(140)  OOS=-0.095(47)  top1=512400.SS  4s
[done] C_v2_cb_shvac__行业ETF   N=  95  expR=-0.402  PF=0.3342047559899545  IS=-0.399(71)  OOS=-0.410(24)  top1=512890.SS  4s
[done] C_v2_ss_base__行业ETF   N= 889  expR=-1.589  PF=0.0  IS=-1.593(728)  OOS=-1.573(161)  top1=518850.SS  5s
[done] C_v2_ss_shrink__行业ETF   N= 302  expR=-1.630  PF=0.0  IS=-1.636(237)  OOS=-1.609(65)  top1=515790.SS  4s
[done] C_v2_ss_vacuum__行业ETF   N= 154  expR=-1.675  PF=0.0  IS=-1.742(121)  OOS=-1.429(33)  top1=159825.SZ  4s
[done] C_v2_ss_shvac__行业ETF   N=  78  expR=-1.661  PF=0.0  IS=-1.758(60)  OOS=-1.340(18)  top1=512800.SS  4s
[done] C_v3_cb_base__行业ETF   N= 937  expR=-0.015  PF=0.9708384396612452  IS=-0.244(695)  OOS=+0.642(242)  top1=515030.SS  4s
[done] C_v3_cb_shrink__行业ETF   N= 329  expR=+0.056  PF=1.1089634575406024  IS=-0.133(246)  OOS=+0.616(83)  top1=515030.SS  4s
[done] C_v3_cb_vacuum__行业ETF   N= 228  expR=-0.284  PF=0.548251861256461  IS=-0.385(171)  OOS=+0.020(57)  top1=512400.SS  4s
[done] C_v3_cb_shvac__行业ETF   N=  89  expR=-0.405  PF=0.31945745814813886  IS=-0.495(64)  OOS=-0.174(25)  top1=518850.SS  4s
[done] C_v3_ss_base__行业ETF   N= 731  expR=-1.524  PF=0.0  IS=-1.533(591)  OOS=-1.486(140)  top1=562590.SS  5s
[done] C_v3_ss_shrink__行业ETF   N= 244  expR=-1.533  PF=0.0  IS=-1.537(199)  OOS=-1.515(45)  top1=562590.SS  4s
[done] C_v3_ss_vacuum__行业ETF   N= 186  expR=-1.546  PF=0.0  IS=-1.575(148)  OOS=-1.432(38)  top1=518850.SS  4s
[done] C_v3_ss_shvac__行业ETF   N=  65  expR=-1.482  PF=0.0  IS=-1.522(53)  OOS=-1.309(12)  top1=512400.SS  4s
[done] C_v1_cb_base__全池      N=6026  expR=-0.226  PF=0.652997653681702  IS=-0.286(4734)  OOS=-0.004(1292)  top1=515030.SS  63s
[done] C_v1_cb_shrink__全池      N=2738  expR=-0.202  PF=0.6862776233835252  IS=-0.279(2173)  OOS=+0.094(565)  top1=IGV  18s
[done] C_v1_cb_vacuum__全池      N= 783  expR=-0.064  PF=0.9013408484497704  IS=-0.170(594)  OOS=+0.268(189)  top1=TH881114.SECTOR  19s
[done] C_v1_cb_shvac__全池      N= 373  expR=-0.290  PF=0.5925553969182143  IS=-0.443(269)  OOS=+0.108(104)  top1=TH881114.SECTOR  18s
[done] C_v1_ss_base__全池      N=5231  expR=-2.057  PF=0.006343836998490897  IS=-2.040(4325)  OOS=-2.141(906)  top1=000698.SS  20s
[done] C_v1_ss_shrink__全池      N=2483  expR=-2.089  PF=0.009126099664411457  IS=-2.077(2036)  OOS=-2.144(447)  top1=518850.SS  18s
[done] C_v1_ss_vacuum__全池      N= 682  expR=-1.840  PF=0.002383077239762041  IS=-1.846(532)  OOS=-1.818(150)  top1=159825.SZ  18s
[done] C_v1_ss_shvac__全池      N= 337  expR=-1.795  PF=0.0049297464304110155  IS=-1.798(248)  OOS=-1.788(89)  top1=513870.SS  17s
[done] C_v2_cb_base__全池      N=3874  expR=+0.091  PF=1.2234541802445835  IS=-0.028(3003)  OOS=+0.503(871)  top1=TH881114.SECTOR  15s
[done] C_v2_cb_shrink__全池      N=1628  expR=+0.115  PF=1.3073981780580373  IS=+0.011(1227)  OOS=+0.432(401)  top1=510050.SS  15s
[done] C_v2_cb_vacuum__全池      N= 862  expR=+0.083  PF=1.1724870803002354  IS=+0.054(626)  OOS=+0.160(236)  top1=TH881114.SECTOR  15s
[done] C_v2_cb_shvac__全池      N= 433  expR=-0.072  PF=0.845493538128047  IS=-0.057(292)  OOS=-0.102(141)  top1=TH881114.SECTOR  15s
[done] C_v2_ss_base__全池      N=3103  expR=-1.491  PF=0.0005304995085105693  IS=-1.461(2593)  OOS=-1.643(510)  top1=^HSTECH  17s
[done] C_v2_ss_shrink__全池      N=1266  expR=-1.434  PF=0.0013511348308581795  IS=-1.431(1022)  OOS=-1.446(244)  top1=TH881273.SECTOR  16s
[done] C_v2_ss_vacuum__全池      N= 706  expR=-1.518  PF=0.0022868091715237925  IS=-1.555(538)  OOS=-1.398(168)  top1=TH881157.SECTOR  15s
[done] C_v2_ss_shvac__全池      N= 357  expR=-1.466  PF=0.0046699942179060355  IS=-1.492(252)  OOS=-1.405(105)  top1=512800.SS  15s
[done] C_v3_cb_base__全池      N=3353  expR=+0.104  PF=1.235720848232282  IS=-0.015(2560)  OOS=+0.487(793)  top1=TH881114.SECTOR  15s
[done] C_v3_cb_shrink__全池      N=1284  expR=+0.143  PF=1.3598505157327385  IS=-0.017(982)  OOS=+0.663(302)  top1=159652.SZ  15s
[done] C_v3_cb_vacuum__全池      N=1002  expR=+0.081  PF=1.1745470939468994  IS=+0.063(734)  OOS=+0.133(268)  top1=TH881114.SECTOR  15s
[done] C_v3_cb_shvac__全池      N= 406  expR=-0.115  PF=0.7753633520652804  IS=-0.179(296)  OOS=+0.058(110)  top1=TH881114.SECTOR  14s
[done] C_v3_ss_base__全池      N=2593  expR=-1.437  PF=3.478637260042112e-05  IS=-1.409(2152)  OOS=-1.574(441)  top1=562590.SS  17s
[done] C_v3_ss_shrink__全池      N= 978  expR=-1.398  PF=9.479241118604526e-05  IS=-1.390(813)  OOS=-1.438(165)  top1=562590.SS  15s
[done] C_v3_ss_vacuum__全池      N= 790  expR=-1.404  PF=0.00011681623265732156  IS=-1.419(616)  OOS=-1.354(174)  top1=518850.SS  16s
[done] C_v3_ss_shvac__全池      N= 328  expR=-1.416  PF=0.00027903683870490704  IS=-1.423(254)  OOS=-1.389(74)  top1=000001.SZ  15s
