stock pool ready: 82 symbols
=== C × 乖离 × 缩量 × 退出两版（个股池）===
[done] C_v1_cb_base                N=6543  expR=-0.021  PF=0.9596953867107122  IS=-0.045(5356)  OOS=+0.089(1187)  top1=601318.SS  136s
[done] C_v1_cb_shrink              N=2880  expR=+0.027  PF=1.0543500852270185  IS=+0.034(2336)  OOS=+0.001(544)  top1=002384.SZ  58s
[done] C_v1_cb_b15                 N=1139  expR=+0.230  PF=1.8105894829658569  IS=+0.236(1026)  OOS=+0.175(113)  top1=300124.SZ  52s
[done] C_v1_cb_b25                 N= 269  expR=+0.348  PF=2.4122985909792933  IS=+0.366(257)  OOS=-0.035(12)  top1=601127.SS  45s
[done] C_v1_cb_shb15               N= 433  expR=+0.197  PF=1.5256578733785957  IS=+0.216(395)  OOS=-0.006(38)  top1=601127.SS  49s
[done] C_v1_cb_shb25               N=  90  expR=+0.572  PF=2.81031509915953  IS=+0.613(88)  OOS=-1.245(2)  top1=601127.SS  52s
[done] C_v1_ss_base                N=5844  expR=-1.855  PF=0.0006910585491473463  IS=-1.843(4877)  OOS=-1.919(967)  top1=601225.SS  65s
[done] C_v1_ss_shrink              N=2618  expR=-1.871  PF=0.0009532216117793312  IS=-1.844(2153)  OOS=-1.997(465)  top1=601225.SS  55s
[done] C_v1_ss_b15                 N= 953  expR=-1.674  PF=0.00031327988426221696  IS=-1.630(883)  OOS=-2.232(70)  top1=002594.SZ  56s
[done] C_v1_ss_b25                 N= 213  expR=-1.739  PF=0.001348168557838396  IS=-1.728(209)  OOS=-2.326(4)  top1=600188.SS  54s
[done] C_v1_ss_shb15               N= 374  expR=-1.740  PF=0.0007676722926932611  IS=-1.717(348)  OOS=-2.055(26)  top1=600760.SS  38s
[done] C_v1_ss_shb25               N=  74  expR=-1.870  PF=0.003600762334757001  IS=-1.822(73)  OOS=-5.338(1)  top1=000568.SZ  32s
[done] C_v2_cb_base                N=4107  expR=+0.182  PF=1.5568887642715739  IS=+0.151(3383)  OOS=+0.329(724)  top1=600584.SS  28s
[done] C_v2_cb_shrink              N=1194  expR=+0.131  PF=1.399504943286896  IS=+0.161(1011)  OOS=-0.035(183)  top1=300122.SZ  25s
[done] C_v2_cb_b15                 N= 253  expR=+0.220  PF=1.893719038991396  IS=+0.214(233)  OOS=+0.288(20)  top1=000596.SZ  24s
[done] C_v2_cb_b25                 N=  29  expR=+0.470  PF=3.2174637097047984  IS=+0.528(27)  OOS=-0.311(2)  top1=601899.SS  25s
[done] C_v2_cb_shb15               N=  53  expR=+0.092  PF=1.3865488097514693  IS=+0.125(48)  OOS=-0.225(5)  top1=300750.SZ  23s
[done] C_v2_cb_shb25               N=   4  expR=-0.251  PF=0.0  IS=-0.190(2)  OOS=-0.311(2)  top1=000568.SZ  31s
[done] C_v2_ss_base                N=3419  expR=-1.334  PF=0.0  IS=-1.328(2910)  OOS=-1.368(509)  top1=601225.SS  38s
[done] C_v2_ss_shrink              N=1019  expR=-1.339  PF=0.0  IS=-1.325(883)  OOS=-1.428(136)  top1=002371.SZ  28s
[done] C_v2_ss_b15                 N= 179  expR=-1.252  PF=0.0  IS=-1.252(177)  OOS=-1.223(2)  top1=002050.SZ  25s
[done] C_v2_ss_b25                 N=  17  expR=-1.093  PF=0.0  IS=-1.093(17)  OOS=  -   (0)  top1=300474.SZ  24s
[done] C_v2_ss_shb15               N=  38  expR=-1.266  PF=0.0  IS=-1.266(38)  OOS=  -   (0)  top1=000568.SZ  24s
[done] C_v2_ss_shb25               N=   1  expR=-1.307  PF=0.0  IS=-1.307(1)  OOS=  -   (0)  top1=000568.SZ  24s
[done] C_v3_cb_base                N=3505  expR=+0.277  PF=1.8004892179203258  IS=+0.212(2883)  OOS=+0.577(622)  top1=300274.SZ  23s
[done] C_v3_cb_shrink              N= 990  expR=+0.170  PF=1.5034132997823972  IS=+0.194(842)  OOS=+0.035(148)  top1=300122.SZ  30s
[done] C_v3_cb_b15                 N= 176  expR=+0.201  PF=1.6880665437951334  IS=+0.182(164)  OOS=+0.457(12)  top1=300750.SZ  27s
[done] C_v3_cb_b25                 N=  15  expR=+0.608  PF=3.884233515604922  IS=+0.696(14)  OOS=-0.621(1)  top1=601899.SS  26s
[done] C_v3_cb_shb15               N=  46  expR=+0.186  PF=1.6392344047655816  IS=+0.194(45)  OOS=-0.158(1)  top1=300750.SZ  25s
[done] C_v3_cb_shb25               N=   1  expR=-0.050  PF=0.0  IS=-0.050(1)  OOS=  -   (0)  top1=002555.SZ  25s
[done] C_v3_ss_base                N=2815  expR=-1.282  PF=0.0  IS=-1.268(2408)  OOS=-1.367(407)  top1=300274.SZ  28s
[done] C_v3_ss_shrink              N= 787  expR=-1.282  PF=0.0  IS=-1.264(698)  OOS=-1.421(89)  top1=300274.SZ  25s
[done] C_v3_ss_b15                 N= 131  expR=-1.257  PF=0.0  IS=-1.259(130)  OOS=-1.059(1)  top1=002050.SZ  24s
[done] C_v3_ss_b25                 N=   8  expR=-1.179  PF=0.0  IS=-1.179(8)  OOS=  -   (0)  top1=000568.SZ  23s
[done] C_v3_ss_shb15               N=  34  expR=-1.280  PF=0.0  IS=-1.280(34)  OOS=  -   (0)  top1=000625.SZ  23s
[done] C_v3_ss_shb25               N=   1  expR=-1.289  PF=0.0  IS=-1.289(1)  OOS=  -   (0)  top1=002555.SZ  23s
=== B × 参数档 × 放量确认 × 退出（个股池）===
[done] B_amb_nat_vc0_b3            N=   2  expR=-14.151  PF=0.0  IS=  -   (0)  OOS=-14.151(2)  top1=600519.SS  25s
[done] B_amb_nat_vc0_ss            N=   2  expR=-15.381  PF=0.0  IS=  -   (0)  OOS=-15.381(2)  top1=600519.SS  17s
[done] B_amb_nat_vc1_b3            N=   0  expR=  -     PF=None  IS=  -   (0)  OOS=  -   (0)  top1=-  17s
[done] B_amb_nat_vc1_ss            N=   0  expR=  -     PF=None  IS=  -   (0)  OOS=  -   (0)  top1=-  17s
[done] B_amb_loose_vc0_b3          N=   8  expR=+4.475  PF=6.661785563022604  IS=+7.595(5)  OOS=-0.724(3)  top1=300059.SZ  24s
[done] B_amb_loose_vc0_ss          N=   8  expR=-3.564  PF=0.0  IS=-4.470(5)  OOS=-2.054(3)  top1=603160.SS  17s
[done] B_amb_loose_vc1_b3          N=   1  expR=+1.126  PF=None  IS=+1.126(1)  OOS=  -   (0)  top1=600196.SS  16s
[done] B_amb_loose_vc1_ss          N=   1  expR=-1.146  PF=0.0  IS=-1.146(1)  OOS=  -   (0)  top1=600196.SS  16s
[done] B_bre_nat_vc0_b3            N=   2  expR=-1.441  PF=0.0  IS=  -   (0)  OOS=-1.441(2)  top1=600519.SS  16s
[done] B_bre_nat_vc0_ss            N=   2  expR=-2.364  PF=0.0  IS=  -   (0)  OOS=-2.364(2)  top1=600519.SS  17s
[done] B_bre_nat_vc1_b3            N=   0  expR=  -     PF=None  IS=  -   (0)  OOS=  -   (0)  top1=-  16s
[done] B_bre_nat_vc1_ss            N=   0  expR=  -     PF=None  IS=  -   (0)  OOS=  -   (0)  top1=-  16s
[done] B_bre_loose_vc0_b3          N=  61  expR=+0.102  PF=1.2380958189745246  IS=+0.137(38)  OOS=+0.043(23)  top1=002371.SZ  19s
[done] B_bre_loose_vc0_ss          N=  56  expR=-1.501  PF=0.0  IS=-1.413(35)  OOS=-1.646(21)  top1=002371.SZ  16s
[done] B_bre_loose_vc1_b3          N=  15  expR=-0.286  PF=0.48492763012052376  IS=-0.333(9)  OOS=-0.215(6)  top1=600196.SS  16s
[done] B_bre_loose_vc1_ss          N=  14  expR=-1.238  PF=0.0  IS=-1.304(8)  OOS=-1.150(6)  top1=000768.SZ  18s
=== D × B1 档（个股池）===
[done] D_nat_ss                    N=   2  expR=-2.796  PF=0.0  IS=  -   (0)  OOS=-2.796(2)  top1=600519.SS  17s
[done] D_loose_ss                  N=   5  expR=-2.349  PF=0.0  IS=-2.051(3)  OOS=-2.796(2)  top1=601688.SS  16s
=== A 稳健档基准对照（个股池）===
[done] A_stocks_base               N= 739  expR=+1.713  PF=2.8432386100845664  IS=+1.337(565)  OOS=+2.934(174)  top1=002281.SZ  47s
[done] A_stocks_shrink             N= 243  expR=+1.529  PF=2.7548187484688866  IS=+1.747(191)  OOS=+0.728(52)  top1=601689.SS  18s
