sh510300-A20E-fee10bp 117929.18210000003 0.1730589778575149 3
sh510300-A20E-fee20bp 117369.29980000001 0.17438097756118995 3
sh510300-A20J-fee10bp 117929.18210000003 0.1730589778575149 3
sh510300-A20J-fee20bp 117369.29980000001 0.17438097756118995 3
sh510300-A60E-fee10bp 98080.32 0.04152820666316136 1
sh510300-A60E-fee20bp 97920.64000000001 0.041561064967001966 1
sh510300-A60J-fee10bp 100000.0 0.0 0
sh510300-A60J-fee20bp 100000.0 0.0 0
sh510300-A120E-fee10bp 98080.32 0.04152820666316136 1
sh510300-A120E-fee20bp 97920.64000000001 0.041561064967001966 1
sh510300-A120J-fee10bp 100000.0 0.0 0
sh510300-A120J-fee20bp 100000.0 0.0 0
sh510300-C1-fee10bp 88778.041 0.2665133142784082 5
sh510300-C1-fee20bp 88071.96500000003 0.2719550750537967 5
sh510300-C2-fee10bp 98810.91890000002 0.011890810999999779 1
sh510300-C2-fee20bp 98612.33780000002 0.013876621999999728 1
sh510300-C3-fee10bp 100000.0 0.0 0
sh510300-C3-fee20bp 100000.0 0.0 0
sh510300-D-fee10bp 100000.0 0.0 0
sh510300-D-fee20bp 100000.0 0.0 0
sh510300-R0-fee10bp 116368.1565000001 0.23569344536016035 34
sh510300-R0-fee20bp 108776.48080000009 0.2459283209159368 34
sh510300-R1-fee10bp 157669.13210000008 0.25197726989867814 83
sh510300-R1-fee20bp 133766.17860000013 0.2789135637578167 83
sz159915-A20E-fee10bp 97548.56499999999 0.02451435000000013 1
sz159915-A20E-fee20bp 97354.13 0.026458699999999946 1
sz159915-A20J-fee10bp 100000.0 0.0 0
sz159915-A20J-fee20bp 100000.0 0.0 0
sz159915-A60E-fee10bp 98304.8708 0.016951292000000007 1
sz159915-A60E-fee20bp 98160.9416 0.018390583999999932 1
sz159915-A60J-fee10bp 98416.27519999999 0.01583724800000008 1
sz159915-A60J-fee20bp 98249.3504 0.017506496000000094 1
sz159915-A120E-fee10bp 100000.0 0.0 0
sz159915-A120E-fee20bp 100000.0 0.0 0
sz159915-A120J-fee10bp 100000.0 0.0 0
sz159915-A120J-fee20bp 100000.0 0.0 0
sz159915-C1-fee10bp 89088.2249 0.5539778102798538 6
sz159915-C1-fee20bp 88238.70720000002 0.5552046567585075 6
sz159915-C2-fee10bp 100000.0 0.0 0
sz159915-C2-fee20bp 100000.0 0.0 0
sz159915-C3-fee10bp 100000.0 0.0 0
sz159915-C3-fee20bp 100000.0 0.0 0
sz159915-D-fee10bp 100000.0 0.0 0
sz159915-D-fee20bp 100000.0 0.0 0
sz159915-R0-fee10bp 301093.3815 0.41039200228185524 26
sz159915-R0-fee20bp 286064.19379999983 0.417319254884901 26
sz159915-R1-fee10bp 588184.8294999993 0.4847429594973812 82
sz159915-R1-fee20bp 499922.99659999995 0.5113252118355236 82
